                                                                                                                                                                                                                                                                                                                             jsonb_pretty                                                                                                                                                                                                                                                                                                                             
----------------------------------------------------------------------------------------------------------------------------------------------------------------------------------------------------------------------------------------------------------------------------------------------------------------------------------------------------------------------------------------------------------------------------------------------------------------------------------------------------------------------------------------------------------------------------------------------------------------------------------------------------------------------
{
    "id": "34b67f8cf8651964995bfec268498082710d4c6a",
    "cmc": 5,
    "name": "Angelic Chorus",
    "text": "Whenever a creature enters the battlefield under your control, you gain life equal to its toughness.",
    "type": "Enchantment",
    "types": [
        "Enchantment"
    ],
    "artist": "Jim Murray",
    "colors": [
        "White"
    ],
    "flavor": "The harmony of the glorious is a dirge to the wicked.",
    "layout": "normal",
    "number": "4",
    "rarity": "Rare",
    "manaCost": "{3}{W}{W}",
    "imageName": "angelic chorus",
    "mciNumber": "4",
    "multiverseid": 129710,
    "colorIdentity": [
        "W"
    ]
}
