             date               |   shares   | trades  |   dollars  
--------------------------------+------------+---------+------------
2010-02-01 00:00:00 +0000 +0000 | 1558526732 | 5633190 | 43290463362
2010-02-02 00:00:00 +0000 +0000 | 1768180556 | 6148888 | 48391414625
2010-02-03 00:00:00 +0000 +0000 | 1603665758 | 5693174 | 44986991925
2010-02-04 00:00:00 +0000 +0000 | 2213497823 | 7717240 | 60148012581
2010-02-05 00:00:00 +0000 +0000 | 2427569880 | 8905315 | 65664171455
2010-02-08 00:00:00 +0000 +0000 | 1613044351 | 5812392 | 43592103468
2010-02-09 00:00:00 +0000 +0000 | 1935306014 | 7027904 | 50413934490
2010-02-10 00:00:00 +0000 +0000 | 1553714023 | 5733271 | 40915973371
2010-02-11 00:00:00 +0000 +0000 | 1648721018 | 5939464 | 44934557649
2010-02-12 00:00:00 +0000 +0000 | 2130203765 | 6159665 | 69545693638
2010-02-16 00:00:00 +0000 +0000 | 1617687910 | 5258883 | 45638709582
2010-02-17 00:00:00 +0000 +0000 | 1523567498 | 5207224 | 40810393758
2010-02-18 00:00:00 +0000 +0000 | 1432125288 | 4953840 | 40105345403
2010-02-19 00:00:00 +0000 +0000 | 1556863679 | 4807694 | 45236985452
2010-02-22 00:00:00 +0000 +0000 | 1386189749 | 4807423 | 40330077452
2010-02-23 00:00:00 +0000 +0000 | 1609958052 | 5682556 | 44853459493
2010-02-24 00:00:00 +0000 +0000 | 1552246071 | 5405469 | 42994120717
2010-02-25 00:00:00 +0000 +0000 | 1766446801 | 6100559 | 49503093455
2010-02-26 00:00:00 +0000 +0000 | 1781712668 | 5197619 | 49390248716
