code  |           fullname            |     forename      |         surname        
------+-------------------------------+-------------------+------------------------
HAM   | Lewis Hamilton                | Lewis             | Hamilton
HEI   | Nick Heidfeld                 | Nick              | Heidfeld
ROS   | Nico Rosberg                  | Nico              | Rosberg
ALO   | Fernando Alonso               | Fernando          | Alonso
KOV   | Heikki Kovalainen             | Heikki            | Kovalainen
NAK   | Kazuki Nakajima               | Kazuki            | Nakajima
BOU   | Sébastien Bourdais            | Sébastien         | Bourdais
RAI   | Kimi Räikkönen                | Kimi              | Räikkönen
KUB   | Robert Kubica                 | Robert            | Kubica
GLO   | Timo Glock                    | Timo              | Glock
SAT   | Takuma Sato                   | Takuma            | Sato
PIQ   | Nelson Piquet Jr.             | Nelson            | Piquet Jr.
MAS   | Felipe Massa                  | Felipe            | Massa
COU   | David Coulthard               | David             | Coulthard
TRU   | Jarno Trulli                  | Jarno             | Trulli
SUT   | Adrian Sutil                  | Adrian            | Sutil
WEB   | Mark Webber                   | Mark              | Webber
BUT   | Jenson Button                 | Jenson            | Button
DAV   | Anthony Davidson              | Anthony           | Davidson
VET   | Sebastian Vettel              | Sebastian         | Vettel
FIS   | Giancarlo Fisichella          | Giancarlo         | Fisichella
BAR   | Rubens Barrichello            | Rubens            | Barrichello
SCH   | Ralf Schumacher               | Ralf              | Schumacher
LIU   | Vitantonio Liuzzi             | Vitantonio        | Liuzzi
WUR   | Alexander Wurz                | Alexander         | Wurz
SPE   | Scott Speed                   | Scott             | Speed
ALB   | Christijan Albers             | Christijan        | Albers
WIN   | Markus Winkelhock             | Markus            | Winkelhock
YAM   | Sakon Yamamoto                | Sakon             | Yamamoto
MSC   | Michael Schumacher            | Michael           | Schumacher
MON   | Juan Pablo Montoya            | Juan              | Pablo Montoya
KLI   | Christian Klien               | Christian         | Klien
TMO   | Tiago Monteiro                | Tiago             | Monteiro
IDE   | Yuji Ide                      | Yuji              | Ide
VIL   | Jacques Villeneuve            | Jacques           | Villeneuve
FMO   | Franck Montagny               | Franck            | Montagny
DLR   | Pedro de la Rosa              | Pedro             | de la Rosa
DOO   | Robert Doornbos               | Robert            | Doornbos
KAR   | Narain Karthikeyan            | Narain            | Karthikeyan
FRI   | Patrick Friesacher            | Patrick           | Friesacher
ZON   | Ricardo Zonta                 | Ricardo           | Zonta
PIZ   | Antônio Pizzonia              | Antônio           | Pizzonia
<nil> | Cristiano da Matta            | Cristiano         | da Matta
<nil> | Olivier Panis                 | Olivier           | Panis
<nil> | Giorgio Pantano               | Giorgio           | Pantano
<nil> | Gianmaria Bruni               | Gianmaria         | Bruni
<nil> | Zsolt Baumgartner             | Zsolt             | Baumgartner
<nil> | Marc Gené                     | Marc              | Gené
<nil> | Heinz-Harald Frentzen         | Heinz-Harald      | Frentzen
<nil> | Jos Verstappen                | Jos               | Verstappen
<nil> | Justin Wilson                 | Justin            | Wilson
<nil> | Ralph Firman                  | Ralph             | Firman
<nil> | Nicolas Kiesa                 | Nicolas           | Kiesa
<nil> | Luciano Burti                 | Luciano           | Burti
<nil> | Jean Alesi                    | Jean              | Alesi
<nil> | Eddie Irvine                  | Eddie             | Irvine
<nil> | Mika Häkkinen                 | Mika              | Häkkinen
<nil> | Tarso Marques                 | Tarso             | Marques
<nil> | Enrique Bernoldi              | Enrique           | Bernoldi
<nil> | Gastón Mazzacane              | Gastón            | Mazzacane
<nil> | Tomáš Enge                    | Tomáš             | Enge
<nil> | Alex Yoong                    | Alex              | Yoong
<nil> | Mika Salo                     | Mika              | Salo
<nil> | Pedro Diniz                   | Pedro             | Diniz
<nil> | Johnny Herbert                | Johnny            | Herbert
<nil> | Allan McNish                  | Allan             | McNish
BUE   | Sébastien Buemi               | Sébastien         | Buemi
<nil> | Toranosuke Takagi             | Toranosuke        | Takagi
BAD   | Luca Badoer                   | Luca              | Badoer
<nil> | Alessandro Zanardi            | Alessandro        | Zanardi
<nil> | Damon Hill                    | Damon             | Hill
<nil> | Stéphane Sarrazin             | Stéphane          | Sarrazin
<nil> | Ricardo Rosset                | Ricardo           | Rosset
<nil> | Esteban Tuero                 | Esteban           | Tuero
<nil> | Shinji Nakano                 | Shinji            | Nakano
MAG   | Jan Magnussen                 | Jan               | Magnussen
<nil> | Gerhard Berger                | Gerhard           | Berger
<nil> | Nicola Larini                 | Nicola            | Larini
<nil> | Ukyo Katayama                 | Ukyo              | Katayama
<nil> | Vincenzo Sospiri              | Vincenzo          | Sospiri
<nil> | Gianni Morbidelli             | Gianni            | Morbidelli
<nil> | Norberto Fontana              | Norberto          | Fontana
<nil> | Pedro Lamy                    | Pedro             | Lamy
<nil> | Martin Brundle                | Martin            | Brundle
<nil> | Andrea Montermini             | Andrea            | Montermini
<nil> | Giovanni Lavaggi              | Giovanni          | Lavaggi
<nil> | Mark Blundell                 | Mark              | Blundell
<nil> | Aguri Suzuki                  | Aguri             | Suzuki
<nil> | Taki Inoue                    | Taki              | Inoue
<nil> | Roberto Moreno                | Roberto           | Moreno
<nil> | Karl Wendlinger               | Karl              | Wendlinger
<nil> | Bertrand Gachot               | Bertrand          | Gachot
<nil> | Domenico Schiattarella        | Domenico          | Schiattarella
<nil> | Pierluigi Martini             | Pierluigi         | Martini
<nil> | Nigel Mansell                 | Nigel             | Mansell
<nil> | Jean-Christophe Boullion      | Jean-Christophe   | Boullion
<nil> | Massimiliano Papis            | Massimiliano      | Papis
<nil> | Jean-Denis Délétraz           | Jean-Denis        | Délétraz
<nil> | Gabriele Tarquini             | Gabriele          | Tarquini
<nil> | Érik Comas                    | Érik              | Comas
<nil> | David Brabham                 | David             | Brabham
<nil> | Ayrton Senna                  | Ayrton            | Senna
<nil> | Éric Bernard                  | Éric              | Bernard
<nil> | Christian Fittipaldi          | Christian         | Fittipaldi
<nil> | Michele Alboreto              | Michele           | Alboreto
<nil> | Olivier Beretta               | Olivier           | Beretta
<nil> | Roland Ratzenberger           | Roland            | Ratzenberger
<nil> | Paul Belmondo                 | Paul              | Belmondo
<nil> | Jyrki Järvilehto              | Jyrki             | Järvilehto
<nil> | Andrea de Cesaris             | Andrea            | de Cesaris
<nil> | Jean-Marc Gounon              | Jean-Marc         | Gounon
<nil> | Philippe Alliot               | Philippe          | Alliot
<nil> | Philippe Adams                | Philippe          | Adams
<nil> | Yannick Dalmas                | Yannick           | Dalmas
<nil> | Hideki Noda                   | Hideki            | Noda
<nil> | Franck Lagorce                | Franck            | Lagorce
<nil> | Alain Prost                   | Alain             | Prost
<nil> | Derek Warwick                 | Derek             | Warwick
<nil> | Riccardo Patrese              | Riccardo          | Patrese
<nil> | Fabrizio Barbazza             | Fabrizio          | Barbazza
<nil> | Michael Andretti              | Michael           | Andretti
<nil> | Ivan Capelli                  | Ivan              | Capelli
<nil> | Thierry Boutsen               | Thierry           | Boutsen
<nil> | Marco Apicella                | Marco             | Apicella
<nil> | Emanuele Naspetti             | Emanuele          | Naspetti
<nil> | Toshio Suzuki                 | Toshio            | Suzuki
<nil> | Maurício Gugelmin             | Maurício          | Gugelmin
<nil> | Eric van de Poele             | Eric              | van de Poele
<nil> | Olivier Grouillard            | Olivier           | Grouillard
<nil> | Andrea Chiesa                 | Andrea            | Chiesa
<nil> | Stefano Modena                | Stefano           | Modena
<nil> | Giovanna Amati                | Giovanna          | Amati
<nil> | Alex Caffi                    | Alex              | Caffi
<nil> | Enrico Bertaggia              | Enrico            | Bertaggia
<nil> | Perry McCarthy                | Perry             | McCarthy
<nil> | Jan Lammers                   | Jan               | Lammers
<nil> | Nelson Piquet                 | Nelson            | Piquet
<nil> | Satoru Nakajima               | Satoru            | Nakajima
<nil> | Emanuele Pirro                | Emanuele          | Pirro
<nil> | Stefan Johansson              | Stefan            | Johansson
<nil> | Julian Bailey                 | Julian            | Bailey
<nil> | Pedro Chaves                  | Pedro             | Chaves
<nil> | Michael Bartels               | Michael           | Bartels
<nil> | Naoki Hattori                 | Naoki             | Hattori
<nil> | Alessandro Nannini            | Alessandro        | Nannini
<nil> | Bernd Schneider               | Bernd             | Schneider
<nil> | Paolo Barilla                 | Paolo             | Barilla
<nil> | Gregor Foitek                 | Gregor            | Foitek
<nil> | Claudio Langes                | Claudio           | Langes
<nil> | Gary Brabham                  | Gary              | Brabham
<nil> | Martin Donnelly               | Martin            | Donnelly
<nil> | Bruno Giacomelli              | Bruno             | Giacomelli
ALG   | Jaime Alguersuari             | Jaime             | Alguersuari
GRO   | Romain Grosjean               | Romain            | Grosjean
KOB   | Kamui Kobayashi               | Kamui             | Kobayashi
<nil> | Jonathan Palmer               | Jonathan          | Palmer
<nil> | Christian Danner              | Christian         | Danner
<nil> | Eddie Cheever                 | Eddie             | Cheever
<nil> | Luis Pérez-Sala               | Luis              | Pérez-Sala
<nil> | Piercarlo Ghinzani            | Piercarlo         | Ghinzani
<nil> | Volker Weidler                | Volker            | Weidler
<nil> | Pierre-Henri Raphanel         | Pierre-Henri      | Raphanel
<nil> | René Arnoux                   | René              | Arnoux
<nil> | Joachim Winkelhock            | Joachim           | Winkelhock
<nil> | Oscar Larrauri                | Oscar             | Larrauri
<nil> | Philippe Streiff              | Philippe          | Streiff
<nil> | Adrián Campos                 | Adrián            | Campos
<nil> | Jean-Louis Schlesser          | Jean-Louis        | Schlesser
<nil> | Pascal Fabre                  | Pascal            | Fabre
<nil> | Teo Fabi                      | Teo               | Fabi
<nil> | Franco Forini                 | Franco            | Forini
<nil> | Jacques Laffite               | Jacques           | Laffite
<nil> | Elio de Angelis               | Elio              | de Angelis
<nil> | Johnny Dumfries               | Johnny            | Dumfries
<nil> | Patrick Tambay                | Patrick           | Tambay
<nil> | Marc Surer                    | Marc              | Surer
<nil> | Keke Rosberg                  | Keke              | Rosberg
<nil> | Alan Jones                    | Alan              | Jones
<nil> | Huub Rothengatter             | Huub              | Rothengatter
<nil> | Allen Berg                    | Allen             | Berg
<nil> | Manfred Winkelhock            | Manfred           | Winkelhock
<nil> | Niki Lauda                    | Niki              | Lauda
<nil> | François Hesnault             | François          | Hesnault
<nil> | Mauro Baldi                   | Mauro             | Baldi
<nil> | Stefan Bellof                 | Stefan            | Bellof
<nil> | Kenny Acheson                 | Kenny             | Acheson
<nil> | John Watson                   | John              | Watson
<nil> | Johnny Cecotto                | Johnny            | Cecotto
<nil> | Jo Gartner                    | Jo                | Gartner
<nil> | Corrado Fabi                  | Corrado           | Fabi
<nil> | Mike Thackwell                | Mike              | Thackwell
<nil> | Chico Serra                   | Chico             | Serra
<nil> | Danny Sullivan                | Danny             | Sullivan
<nil> | Eliseo Salazar                | Eliseo            | Salazar
<nil> | Roberto Guerrero              | Roberto           | Guerrero
<nil> | Raul Boesel                   | Raul              | Boesel
<nil> | Jean-Pierre Jarier            | Jean-Pierre       | Jarier
<nil> | Jacques Villeneuve Sr.        | Jacques           | Villeneuve Sr.
<nil> | Carlos Reutemann              | Carlos            | Reutemann
<nil> | Jochen Mass                   | Jochen            | Mass
<nil> | Slim Borgudd                  | Slim              | Borgudd
<nil> | Didier Pironi                 | Didier            | Pironi
<nil> | Gilles Villeneuve             | Gilles            | Villeneuve
<nil> | Riccardo Paletti              | Riccardo          | Paletti
<nil> | Brian Henton                  | Brian             | Henton
<nil> | Derek Daly                    | Derek             | Daly
<nil> | Mario Andretti                | Mario             | Andretti
<nil> | Emilio de Villota             | Emilio            | de Villota
<nil> | Geoff Lees                    | Geoff             | Lees
<nil> | Tommy Byrne                   | Tommy             | Byrne
<nil> | Rupert Keegan                 | Rupert            | Keegan
<nil> | Hector Rebaque                | Hector            | Rebaque
<nil> | Beppe Gabbiani                | Beppe             | Gabbiani
<nil> | Kevin Cogan                   | Kevin             | Cogan
<nil> | Miguel Ángel Guerra           | Miguel Ángel      | Guerra
<nil> | Siegfried Stohr               | Siegfried         | Stohr
<nil> | Ricardo Zunino                | Ricardo           | Zunino
<nil> | Ricardo Londoño               | Ricardo           | Londoño
<nil> | Jean-Pierre Jabouille         | Jean-Pierre       | Jabouille
<nil> | Giorgio Francia               | Giorgio           | Francia
<nil> | Patrick Depailler             | Patrick           | Depailler
<nil> | Jody Scheckter                | Jody              | Scheckter
<nil> | Clay Regazzoni                | Clay              | Regazzoni
<nil> | Emerson Fittipaldi            | Emerson           | Fittipaldi
<nil> | Dave Kennedy                  | Dave              | Kennedy
<nil> | Stephen South                 | Stephen           | South
<nil> | Tiff Needell                  | Tiff              | Needell
<nil> | Desiré Wilson                 | Desiré            | Wilson
<nil> | Harald Ertl                   | Harald            | Ertl
<nil> | Vittorio Brambilla            | Vittorio          | Brambilla
<nil> | James Hunt                    | James             | Hunt
<nil> | Arturo Merzario               | Arturo            | Merzario
<nil> | Hans-Joachim Stuck            | Hans-Joachim      | Stuck
<nil> | Gianfranco Brancatelli        | Gianfranco        | Brancatelli
<nil> | Jacky Ickx                    | Jacky             | Ickx
<nil> | Patrick Gaillard              | Patrick           | Gaillard
<nil> | Alex Ribeiro                  | Alex              | Ribeiro
<nil> | Ronnie Peterson               | Ronnie            | Peterson
<nil> | Brett Lunger                  | Brett             | Lunger
<nil> | Danny Ongais                  | Danny             | Ongais
<nil> | Lamberto Leoni                | Lamberto          | Leoni
<nil> | Divina Galica                 | Divina            | Galica
<nil> | Rolf Stommelen                | Rolf              | Stommelen
<nil> | Alberto Colombo               | Alberto           | Colombo
<nil> | Tony Trimmer                  | Tony              | Trimmer
<nil> | Hans Binder                   | Hans              | Binder
<nil> | Michael Bleekemolen           | Michael           | Bleekemolen
<nil> | Carlo Franchi                 | Carlo             | Franchi
<nil> | Bobby Rahal                   | Bobby             | Rahal
<nil> | Carlos Pace                   | Carlos            | Pace
<nil> | Ian Scheckter                 | Ian               | Scheckter
<nil> | Tom Pryce                     | Tom               | Pryce
<nil> | Ingo Hoffmann                 | Ingo              | Hoffmann
<nil> | Renzo Zorzi                   | Renzo             | Zorzi
<nil> | Gunnar Nilsson                | Gunnar            | Nilsson
<nil> | Larry Perkins                 | Larry             | Perkins
<nil> | Boy Lunger                    | Boy               | Lunger
<nil> | Patrick Nève                  | Patrick           | Nève
<nil> | David Purley                  | David             | Purley
<nil> | Conny Andersson               | Conny             | Andersson
<nil> | Bernard de Dryver             | Bernard           | de Dryver
<nil> | Jackie Oliver                 | Jackie            | Oliver
<nil> | Mikko Kozarowitzky            | Mikko             | Kozarowitzky
<nil> | Andy Sutcliffe                | Andy              | Sutcliffe
<nil> | Guy Edwards                   | Guy               | Edwards
<nil> | Brian McGuire                 | Brian             | McGuire
<nil> | Vern Schuppan                 | Vern              | Schuppan
<nil> | Hans Heyer                    | Hans              | Heyer
<nil> | Teddy Pilette                 | Teddy             | Pilette
<nil> | Ian Ashley                    | Ian               | Ashley
<nil> | Loris Kessel                  | Loris             | Kessel
<nil> | Kunimitsu Takahashi           | Kunimitsu         | Takahashi
<nil> | Kazuyoshi Hoshino             | Kazuyoshi         | Hoshino
<nil> | Noritake Takahara             | Noritake          | Takahara
<nil> | Lella Lombardi                | Lella             | Lombardi
<nil> | Bob Evans                     | Bob               | Evans
<nil> | Michel Leclère                | Michel            | Leclère
<nil> | Chris Amon                    | Chris             | Amon
<nil> | Emilio Zapico                 | Emilio            | Zapico
<nil> | Henri Pescarolo               | Henri             | Pescarolo
<nil> | Jac Nelleman                  | Jac               | Nelleman
<nil> | Damien Magee                  | Damien            | Magee
<nil> | Mike Wilds                    | Mike              | Wilds
<nil> | Alessandro Pesenti-Rossi      | Alessandro        | Pesenti-Rossi
<nil> | Otto Stuppacher               | Otto              | Stuppacher
<nil> | Warwick Brown                 | Warwick           | Brown
<nil> | Masahiro Hasemi               | Masahiro          | Hasemi
<nil> | Mark Donohue                  | Mark              | Donohue
<nil> | Graham Hill                   | Graham            | Hill
<nil> | Wilson Fittipaldi             | Wilson            | Fittipaldi
<nil> | Guy Tunmer                    | Guy               | Tunmer
<nil> | Eddie Keizan                  | Eddie             | Keizan
<nil> | Dave Charlton                 | Dave              | Charlton
<nil> | Tony Brise                    | Tony              | Brise
<nil> | Roelof Wunderink              | Roelof            | Wunderink
<nil> | François Migault              | François          | Migault
<nil> | Torsten Palm                  | Torsten           | Palm
<nil> | Gijs van Lennep               | Gijs              | van Lennep
<nil> | Hiroshi Fushida               | Hiroshi           | Fushida
<nil> | John Nicholson                | John              | Nicholson
<nil> | Dave Morgan                   | Dave              | Morgan
<nil> | Jim Crawford                  | Jim               | Crawford
<nil> | Jo Vonlanthen                 | Jo                | Vonlanthen
<nil> | Denny Hulme                   | Denny             | Hulme
<nil> | Mike Hailwood                 | Mike              | Hailwood
<nil> | Jean-Pierre Beltoise          | Jean-Pierre       | Beltoise
<nil> | Howden Ganley                 | Howden            | Ganley
<nil> | Richard Robarts               | Richard           | Robarts
<nil> | Peter Revson                  | Peter             | Revson
<nil> | Paddy Driver                  | Paddy             | Driver
<nil> | Tom Belsø                     | Tom               | Belsø
<nil> | Brian Redman                  | Brian             | Redman
<nil> | Rikky von Opel                | Rikky             | von Opel
<nil> | Tim Schenken                  | Tim               | Schenken
<nil> | Gérard Larrousse              | Gérard            | Larrousse
<nil> | Leo Kinnunen                  | Leo               | Kinnunen
<nil> | Reine Wisell                  | Reine             | Wisell
<nil> | Bertil Roos                   | Bertil            | Roos
<nil> | José Dolhem                   | José              | Dolhem
<nil> | Peter Gethin                  | Peter             | Gethin
<nil> | Derek Bell                    | Derek             | Bell
<nil> | David Hobbs                   | David             | Hobbs
<nil> | Dieter Quester                | Dieter            | Quester
<nil> | Helmuth Koinigg               | Helmuth           | Koinigg
<nil> | Carlo Facetti                 | Carlo             | Facetti
<nil> | Eppie Wietzes                 | Eppie             | Wietzes
<nil> | François Cevert               | François          | Cevert
<nil> | Jackie Stewart                | Jackie            | Stewart
<nil> | Mike Beuttler                 | Mike              | Beuttler
<nil> | Nanni Galli                   | Nanni             | Galli
<nil> | Luiz Bueno                    | Luiz              | Bueno
<nil> | George Follmer                | George            | Follmer
<nil> | Andrea de Adamich             | Andrea            | de Adamich
<nil> | Jackie Pretorius              | Jackie            | Pretorius
<nil> | Roger Williamson              | Roger             | Williamson
<nil> | Graham McRae                  | Graham            | McRae
<nil> | Helmut Marko                  | Helmut            | Marko
<nil> | David Walker                  | David             | Walker
<nil> | Alex Soler-Roig               | Alex              | Soler-Roig
<nil> | John Love                     | John              | Love
<nil> | John Surtees                  | John              | Surtees
<nil> | Skip Barber                   | Skip              | Barber
<nil> | Bill Brack                    | Bill              | Brack
<nil> | Sam Posey                     | Sam               | Posey
<nil> | Pedro Rodríguez               | Pedro             | Rodríguez
<nil> | Jo Siffert                    | Jo                | Siffert
<nil> | Jo Bonnier                    | Jo                | Bonnier
<nil> | François Mazet                | François          | Mazet
<nil> | Max Jean                      | Max               | Jean
<nil> | Vic Elford                    | Vic               | Elford
<nil> | Silvio Moser                  | Silvio            | Moser
<nil> | George Eaton                  | George            | Eaton
<nil> | Pete Lovely                   | Pete              | Lovely
<nil> | Chris Craft                   | Chris             | Craft
<nil> | John Cannon                   | John              | Cannon
<nil> | Jack Brabham                  | Jack              | Brabham
<nil> | John Miles                    | John              | Miles
<nil> | Jochen Rindt                  | Jochen            | Rindt
<nil> | Johnny Servoz-Gavin           | Johnny            | Servoz-Gavin
<nil> | Bruce McLaren                 | Bruce             | McLaren
<nil> | Piers Courage                 | Piers             | Courage
<nil> | Peter de Klerk                | Peter             | de Klerk
<nil> | Ignazio Giunti                | Ignazio           | Giunti
<nil> | Dan Gurney                    | Dan               | Gurney
<nil> | Hubert Hahne                  | Hubert            | Hahne
<nil> | Gus Hutchison                 | Gus               | Hutchison
<nil> | Peter Westbury                | Peter             | Westbury
<nil> | Sam Tingle                    | Sam               | Tingle
<nil> | Basil van Rooyen              | Basil             | van Rooyen
<nil> | Richard Attwood               | Richard           | Attwood
<nil> | Al Pease                      | Al                | Pease
<nil> | John Cordts                   | John              | Cordts
<nil> | Jim Clark                     | Jim               | Clark
<nil> | Mike Spence                   | Mike              | Spence
<nil> | Ludovico Scarfiotti           | Ludovico          | Scarfiotti
BIA   | Lucien Bianchi                | Lucien            | Bianchi
<nil> | Jo Schlesser                  | Jo                | Schlesser
<nil> | Robin Widdows                 | Robin             | Widdows
<nil> | Kurt Ahrens                   | Kurt              | Ahrens
<nil> | Frank Gardner                 | Frank             | Gardner
<nil> | Bobby Unser                   | Bobby             | Unser
<nil> | Moisés Solana                 | Moisés            | Solana
<nil> | Bob Anderson                  | Bob               | Anderson
<nil> | Luki Botha                    | Luki              | Botha
<nil> | Lorenzo Bandini               | Lorenzo           | Bandini
<nil> | Richie Ginther                | Richie            | Ginther
<nil> | Mike Parkes                   | Mike              | Parkes
<nil> | Chris Irwin                   | Chris             | Irwin
<nil> | Guy Ligier                    | Guy               | Ligier
<nil> | Alan Rees                     | Alan              | Rees
<nil> | Brian Hart                    | Brian             | Hart
<nil> | Mike Fisher                   | Mike              | Fisher
<nil> | Tom Jones                     | Tom               | Jones
<nil> | Giancarlo Baghetti            | Giancarlo         | Baghetti
<nil> | Jonathan Williams             | Jonathan          | Williams
<nil> | Bob Bondurant                 | Bob               | Bondurant
<nil> | Peter Arundell                | Peter             | Arundell
<nil> | Vic Wilson                    | Vic               | Wilson
<nil> | John Taylor                   | John              | Taylor
<nil> | Chris Lawrence                | Chris             | Lawrence
<nil> | Trevor Taylor                 | Trevor            | Taylor
<nil> | Giacomo Russo                 | Giacomo           | Russo
<nil> | Phil Hill                     | Phil              | Hill
<nil> | Innes Ireland                 | Innes             | Ireland
<nil> | Ronnie Bucknum                | Ronnie            | Bucknum
<nil> | Paul Hawkins                  | Paul              | Hawkins
<nil> | David Prophet                 | David             | Prophet
<nil> | Tony Maggs                    | Tony              | Maggs
<nil> | Trevor Blokdyk                | Trevor            | Blokdyk
<nil> | Neville Lederle               | Neville           | Lederle
<nil> | Doug Serrurier                | Doug              | Serrurier
<nil> | Brausch Niemann               | Brausch           | Niemann
<nil> | Ernie Pieterse                | Ernie             | Pieterse
<nil> | Clive Puzey                   | Clive             | Puzey
<nil> | Ray Reed                      | Ray               | Reed
<nil> | David Clapham                 | David             | Clapham
<nil> | Alex Blignaut                 | Alex              | Blignaut
<nil> | Masten Gregory                | Masten            | Gregory
<nil> | John Rhodes                   | John              | Rhodes
<nil> | Ian Raby                      | Ian               | Raby
<nil> | Alan Rollinson                | Alan              | Rollinson
<nil> | Brian Gubby                   | Brian             | Gubby
<nil> | Gerhard Mitter                | Gerhard           | Mitter
<nil> | Roberto Bussinello            | Roberto           | Bussinello
<nil> | Nino Vaccarella               | Nino              | Vaccarella
<nil> | Giorgio Bassi                 | Giorgio           | Bassi
<nil> | Maurice Trintignant           | Maurice           | Trintignant
<nil> | Bernard Collomb               | Bernard           | Collomb
<nil> | André Pilette                 | André             | Pilette
<nil> | Carel Godin de Beaufort       | Carel Godin       | de Beaufort
<nil> | Edgar Barth                   | Edgar             | Barth
<nil> | Mário de Araújo Cabral        | Mário de Araújo   | Cabral
<nil> | Walt Hansgen                  | Walt              | Hansgen
<nil> | Hap Sharp                     | Hap               | Sharp
<nil> | Willy Mairesse                | Willy             | Mairesse
<nil> | John Campbell-Jones           | John              | Campbell-Jones
<nil> | Ian Burgess                   | Ian               | Burgess
<nil> | Tony Settember                | Tony              | Settember
<nil> | Nasif Estéfano                | Nasif             | Estéfano
<nil> | Jim Hall                      | Jim               | Hall
<nil> | Tim Parnell                   | Tim               | Parnell
<nil> | Kurt Kuhnke                   | Kurt              | Kuhnke
<nil> | Ernesto Brambilla             | Ernesto           | Brambilla
<nil> | Roberto Lippi                 | Roberto           | Lippi
<nil> | Günther Seiffert              | Günther           | Seiffert
<nil> | Carlo Abate                   | Carlo             | Abate
<nil> | Gaetano Starrabba             | Gaetano           | Starrabba
<nil> | Peter Broeker                 | Peter             | Broeker
<nil> | Rodger Ward                   | Rodger            | Ward
<nil> | Ernie de Vos                  | Ernie             | de Vos
<nil> | Frank Dochnal                 | Frank             | Dochnal
<nil> | Thomas Monarch                | Thomas            | Monarch
<nil> | Jackie Lewis                  | Jackie            | Lewis
<nil> | Ricardo Rodríguez             | Ricardo           | Rodríguez
<nil> | Wolfgang Seidel               | Wolfgang          | Seidel
<nil> | Roy Salvadori                 | Roy               | Salvadori
<nil> | Ben Pon                       | Ben               | Pon
<nil> | Rob Slotemaker                | Rob               | Slotemaker
<nil> | Tony Marsh                    | Tony              | Marsh
<nil> | Gerry Ashmore                 | Gerry             | Ashmore
<nil> | Heinz Schiller                | Heinz             | Schiller
<nil> | Colin Davis                   | Colin             | Davis
<nil> | Jay Chamberlain               | Jay               | Chamberlain
<nil> | Tony Shelly                   | Tony              | Shelly
<nil> | Keith Greene                  | Keith             | Greene
<nil> | Heini Walter                  | Heini             | Walter
<nil> | Ernesto Prinoth               | Ernesto           | Prinoth
<nil> | Roger Penske                  | Roger             | Penske
<nil> | Rob Schroeder                 | Rob               | Schroeder
<nil> | Timmy Mayer                   | Timmy             | Mayer
<nil> | Bruce Johnstone               | Bruce             | Johnstone
<nil> | Mike Harris                   | Mike              | Harris
<nil> | Gary Hocking                  | Gary              | Hocking
<nil> | Syd van der Vyver             | Syd               | van der Vyver
<nil> | Stirling Moss                 | Stirling          | Moss
<nil> | Wolfgang von Trips            | Wolfgang          | von Trips
<nil> | Cliff Allison                 | Cliff             | Allison
<nil> | Hans Herrmann                 | Hans              | Herrmann
<nil> | Tony Brooks                   | Tony              | Brooks
<nil> | Michael May                   | Michael           | May
<nil> | Henry Taylor                  | Henry             | Taylor
<nil> | Olivier Gendebien             | Olivier           | Gendebien
<nil> | Giorgio Scarlatti             | Giorgio           | Scarlatti
<nil> | Brian Naylor                  | Brian             | Naylor
<nil> | Juan Manuel Bordeu            | Juan Manuel       | Bordeu
<nil> | Jack Fairman                  | Jack              | Fairman
<nil> | Massimo Natili                | Massimo           | Natili
<nil> | Peter Monteverdi              | Peter             | Monteverdi
<nil> | Renato Pirocchi               | Renato            | Pirocchi
<nil> | Geoff Duke                    | Geoff             | Duke
<nil> | Alfonso Thiele                | Alfonso           | Thiele
<nil> | Menato Boffa                  | Menato            | Boffa
<nil> | Peter Ryan                    | Peter             | Ryan
<nil> | Lloyd Ruby                    | Lloyd             | Ruby
<nil> | Ken Miles                     | Ken               | Miles
<nil> | Carlos Menditeguy             | Carlos            | Menditeguy
<nil> | Alberto Rodriguez Larreta     | Alberto Rodriguez | Larreta
<nil> | José Froilán González         | José Froilán      | González
<nil> | Roberto Bonomi                | Roberto           | Bonomi
<nil> | Gino Munaron                  | Gino              | Munaron
<nil> | Harry Schell                  | Harry             | Schell
<nil> | Alan Stacey                   | Alan              | Stacey
<nil> | Ettore Chimeri                | Ettore            | Chimeri
<nil> | Antonio Creus                 | Antonio           | Creus
<nil> | Chris Bristow                 | Chris             | Bristow
<nil> | Bruce Halford                 | Bruce             | Halford
<nil> | Chuck Daigh                   | Chuck             | Daigh
<nil> | Lance Reventlow               | Lance             | Reventlow
<nil> | Jim Rathmann                  | Jim               | Rathmann
<nil> | Paul Goldsmith                | Paul              | Goldsmith
<nil> | Don Branson                   | Don               | Branson
<nil> | Johnny Thomson                | Johnny            | Thomson
<nil> | Eddie Johnson                 | Eddie             | Johnson
<nil> | Bob Veith                     | Bob               | Veith
<nil> | Bud Tingelstad                | Bud               | Tingelstad
<nil> | Bob Christie                  | Bob               | Christie
<nil> | Red Amick                     | Red               | Amick
<nil> | Duane Carter                  | Duane             | Carter
<nil> | Bill Homeier                  | Bill              | Homeier
<nil> | Gene Hartley                  | Gene              | Hartley
<nil> | Chuck Stevenson               | Chuck             | Stevenson
<nil> | Bobby Grim                    | Bobby             | Grim
<nil> | Shorty Templeman              | Shorty            | Templeman
<nil> | Jim Hurtubise                 | Jim               | Hurtubise
<nil> | Jimmy Bryan                   | Jimmy             | Bryan
<nil> | Troy Ruttman                  | Troy              | Ruttman
<nil> | Eddie Sachs                   | Eddie             | Sachs
<nil> | Don Freeland                  | Don               | Freeland
<nil> | Tony Bettenhausen             | Tony              | Bettenhausen
<nil> | Wayne Weiler                  | Wayne             | Weiler
<nil> | Anthony Foyt                  | Anthony           | Foyt
<nil> | Eddie Russo                   | Eddie             | Russo
<nil> | Johnny Boyd                   | Johnny            | Boyd
<nil> | Gene Force                    | Gene              | Force
<nil> | Jim McWithey                  | Jim               | McWithey
<nil> | Len Sutton                    | Len               | Sutton
<nil> | Dick Rathmann                 | Dick              | Rathmann
<nil> | Al Herman                     | Al                | Herman
<nil> | Dempsey Wilson                | Dempsey           | Wilson
<nil> | Mike Taylor                   | Mike              | Taylor
<nil> | Ron Flockhart                 | Ron               | Flockhart
<nil> | David Piper                   | David             | Piper
<nil> | Giulio Cabianca               | Giulio            | Cabianca
<nil> | Piero Drogo                   | Piero             | Drogo
<nil> | Fred Gamble                   | Fred              | Gamble
<nil> | Arthur Owen                   | Arthur            | Owen
<nil> | Horace Gould                  | Horace            | Gould
<nil> | Bob Drake                     | Bob               | Drake
<nil> | Ivor Bueb                     | Ivor              | Bueb
<nil> | Alain de Changy               | Alain             | de Changy
<nil> | Maria de Filippis             | Maria             | de Filippis
<nil> | Jean Lucienbonnet             | Jean              | Lucienbonnet
<nil> | André Testut                  | André             | Testut
<nil> | Jean Behra                    | Jean              | Behra
<nil> | Paul Russo                    | Paul              | Russo
<nil> | Jimmy Daywalt                 | Jimmy             | Daywalt
<nil> | Chuck Arnold                  | Chuck             | Arnold
<nil> | Al Keller                     | Al                | Keller
<nil> | Pat Flaherty                  | Pat               | Flaherty
<nil> | Bill Cheesbourg               | Bill              | Cheesbourg
<nil> | Ray Crawford                  | Ray               | Crawford
<nil> | Jack Turner                   | Jack              | Turner
<nil> | Chuck Weyant                  | Chuck             | Weyant
<nil> | Jud Larson                    | Jud               | Larson
<nil> | Mike Magill                   | Mike              | Magill
<nil> | Carroll Shelby                | Carroll           | Shelby
<nil> | Fritz d'Orey                  | Fritz             | d'Orey
<nil> | Azdrubal Fontes               | Azdrubal          | Fontes
<nil> | Peter Ashdown                 | Peter             | Ashdown
<nil> | Bill Moss                     | Bill              | Moss
<nil> | Dennis Taylor                 | Dennis            | Taylor
<nil> | Harry Blanchard               | Harry             | Blanchard
<nil> | Alessandro de Tomaso          | Alessandro        | de Tomaso
<nil> | George Constantine            | George            | Constantine
<nil> | Bob Said                      | Bob               | Said
<nil> | Phil Cade                     | Phil              | Cade
<nil> | Luigi Musso                   | Luigi             | Musso
<nil> | Mike Hawthorn                 | Mike              | Hawthorn
<nil> | Juan Fangio                   | Juan              | Fangio
<nil> | Paco Godia                    | Paco              | Godia
<nil> | Peter Collins                 | Peter             | Collins
<nil> | Ken Kavanagh                  | Ken               | Kavanagh
<nil> | Gerino Gerini                 | Gerino            | Gerini
<nil> | Bruce Kessler                 | Bruce             | Kessler
<nil> | Paul Emery                    | Paul              | Emery
<nil> | Luigi Piotti                  | Luigi             | Piotti
<nil> | Bernie Ecclestone             | Bernie            | Ecclestone
<nil> | Luigi Taramazzo               | Luigi             | Taramazzo
<nil> | Louis Chiron                  | Louis             | Chiron
<nil> | Stuart Lewis-Evans            | Stuart            | Lewis-Evans
<nil> | George Amick                  | George            | Amick
<nil> | Jimmy Reece                   | Jimmy             | Reece
<nil> | Johnnie Parsons               | Johnnie           | Parsons
<nil> | Johnnie Tolan                 | Johnnie           | Tolan
<nil> | Billy Garrett                 | Billy             | Garrett
<nil> | Ed Elisian                    | Ed                | Elisian
<nil> | Pat O'Connor                  | Pat               | O'Connor
<nil> | Jerry Unser                   | Jerry             | Unser
<nil> | Art Bisch                     | Art               | Bisch
<nil> | Christian Goethals            | Christian         | Goethals
<nil> | Dick Gibson                   | Dick              | Gibson
<nil> | Robert La Caze                | Robert            | La Caze
<nil> | André Guelfi                  | André             | Guelfi
<nil> | François Picard               | François          | Picard
<nil> | Tom Bridger                   | Tom               | Bridger
<nil> | Alfonso de Portago            | Alfonso           | de Portago
<nil> | Cesare Perdisa                | Cesare            | Perdisa
<nil> | Eugenio Castellotti           | Eugenio           | Castellotti
<nil> | André Simon                   | André             | Simon
<nil> | Les Leston                    | Les               | Leston
<nil> | Sam Hanks                     | Sam               | Hanks
<nil> | Andy Linden                   | Andy              | Linden
<nil> | Marshall Teague               | Marshall          | Teague
<nil> | Don Edmunds                   | Don               | Edmunds
<nil> | Fred Agabashian               | Fred              | Agabashian
<nil> | Elmer George                  | Elmer             | George
<nil> | Mike MacDowel                 | Mike              | MacDowel
<nil> | Herbert MacKay-Fraser         | Herbert           | MacKay-Fraser
<nil> | Bob Gerard                    | Bob               | Gerard
<nil> | Umberto Maglioli              | Umberto           | Maglioli
<nil> | Paul England                  | Paul              | England
<nil> | Chico Landi                   | Chico             | Landi
<nil> | Alberto Uria                  | Alberto           | Uria
<nil> | Hernando da Silva Ramos       | Hernando          | da Silva Ramos
<nil> | Élie Bayol                    | Élie              | Bayol
<nil> | Robert Manzon                 | Robert            | Manzon
<nil> | Louis Rosier                  | Louis             | Rosier
<nil> | Bob Sweikert                  | Bob               | Sweikert
<nil> | Cliff Griffith                | Cliff             | Griffith
<nil> | Duke Dinsmore                 | Duke              | Dinsmore
<nil> | Keith Andrews                 | Keith             | Andrews
<nil> | Paul Frère                    | Paul              | Frère
<nil> | Luigi Villoresi               | Luigi             | Villoresi
<nil> | Piero Scotti                  | Piero             | Scotti
<nil> | Colin Chapman                 | Colin             | Chapman
<nil> | Desmond Titterington          | Desmond           | Titterington
<nil> | Archie Scott Brown            | Archie            | Scott Brown
<nil> | Ottorino Volonterio           | Ottorino          | Volonterio
<nil> | André Milhoux                 | André             | Milhoux
<nil> | Toulo de Graffenried          | Toulo             | de Graffenried
<nil> | Piero Taruffi                 | Piero             | Taruffi
<nil> | Nino Farina                   | Nino              | Farina
<nil> | Roberto Mieres                | Roberto           | Mieres
<nil> | Sergio Mantovani              | Sergio            | Mantovani
<nil> | Clemar Bucci                  | Clemar            | Bucci
<nil> | Jesús Iglesias                | Jesús             | Iglesias
<nil> | Alberto Ascari                | Alberto           | Ascari
<nil> | Karl Kling                    | Karl              | Kling
<nil> | Pablo Birger                  | Pablo             | Birger
<nil> | Jacques Pollet                | Jacques           | Pollet
<nil> | Lance Macklin                 | Lance             | Macklin
<nil> | Ted Whiteaway                 | Ted               | Whiteaway
<nil> | Jimmy Davies                  | Jimmy             | Davies
<nil> | Walt Faulkner                 | Walt              | Faulkner
<nil> | Cal Niday                     | Cal               | Niday
<nil> | Art Cross                     | Art               | Cross
<nil> | Bill Vukovich                 | Bill              | Vukovich
<nil> | Jack McGrath                  | Jack              | McGrath
<nil> | Jerry Hoyt                    | Jerry             | Hoyt
<nil> | Johnny Claes                  | Johnny            | Claes
<nil> | Peter Walker                  | Peter             | Walker
<nil> | Mike Sparken                  | Mike              | Sparken
<nil> | Ken Wharton                   | Ken               | Wharton
<nil> | Kenneth McAlpine              | Kenneth           | McAlpine
<nil> | Leslie Marr                   | Leslie            | Marr
<nil> | Tony Rolt                     | Tony              | Rolt
<nil> | John Fitch                    | John              | Fitch
<nil> | Jean Lucas                    | Jean              | Lucas
<nil> | Prince Bira                   | Prince            | Bira
<nil> | Onofre Marimón                | Onofre            | Marimón
<nil> | Roger Loyer                   | Roger             | Loyer
<nil> | Jorge Daponte                 | Jorge             | Daponte
<nil> | Mike Nazaruk                  | Mike              | Nazaruk
<nil> | Larry Crockett                | Larry             | Crockett
<nil> | Manny Ayulo                   | Manny             | Ayulo
<nil> | Frank Armi                    | Frank             | Armi
<nil> | Travis Webb                   | Travis            | Webb
<nil> | Len Duncan                    | Len               | Duncan
<nil> | Ernie McCoy                   | Ernie             | McCoy
<nil> | Jacques Swaters               | Jacques           | Swaters
<nil> | Georges Berger                | Georges           | Berger
<nil> | Don Beauman                   | Don               | Beauman
<nil> | Leslie Thorne                 | Leslie            | Thorne
<nil> | Bill Whitehouse               | Bill              | Whitehouse
<nil> | John Riseley-Prichard         | John              | Riseley-Prichard
<nil> | Reg Parnell                   | Reg               | Parnell
<nil> | Peter Whitehead               | Peter             | Whitehead
<nil> | Eric Brandon                  | Eric              | Brandon
<nil> | Alan Brown                    | Alan              | Brown
<nil> | Rodney Nuckey                 | Rodney            | Nuckey
<nil> | Hermann Lang                  | Hermann           | Lang
<nil> | Theo Helfrich                 | Theo              | Helfrich
<nil> | Fred Wacker                   | Fred              | Wacker
<nil> | Giovanni de Riu               | Giovanni          | de Riu
<nil> | Oscar Gálvez                  | Oscar             | Gálvez
<nil> | John Barber                   | John              | Barber
<nil> | Felice Bonetto                | Felice            | Bonetto
<nil> | Adolfo Cruz                   | Adolfo            | Cruz
<nil> | Duke Nalon                    | Duke              | Nalon
<nil> | Carl Scarborough              | Carl              | Scarborough
<nil> | Bill Holland                  | Bill              | Holland
<nil> | Bob Scott                     | Bob               | Scott
<nil> | Arthur Legat                  | Arthur            | Legat
<nil> | Yves Cabantous                | Yves              | Cabantous
<nil> | Tony Crook                    | Tony              | Crook
<nil> | Jimmy Stewart                 | Jimmy             | Stewart
<nil> | Ian Stewart                   | Ian               | Stewart
<nil> | Duncan Hamilton               | Duncan            | Hamilton
<nil> | Ernst Klodwig                 | Ernst             | Klodwig
<nil> | Rudolf Krause                 | Rudolf            | Krause
<nil> | Oswald Karch                  | Oswald            | Karch
<nil> | Willi Heeks                   | Willi             | Heeks
<nil> | Theo Fitzau                   | Theo              | Fitzau
<nil> | Kurt Adolff                   | Kurt              | Adolff
<nil> | Günther Bechem                | Günther           | Bechem
<nil> | Erwin Bauer                   | Erwin             | Bauer
<nil> | Hans von Stuck                | Hans              | von Stuck
<nil> | Ernst Loof                    | Ernst             | Loof
<nil> | Albert Scherrer               | Albert            | Scherrer
<nil> | Max de Terra                  | Max               | de Terra
<nil> | Peter Hirt                    | Peter             | Hirt
<nil> | Piero Carini                  | Piero             | Carini
<nil> | Rudi Fischer                  | Rudi              | Fischer
<nil> | Toni Ulmen                    | Toni              | Ulmen
<nil> | George Abecassis              | George            | Abecassis
<nil> | George Connor                 | George            | Connor
<nil> | Jim Rigsby                    | Jim               | Rigsby
<nil> | Joe James                     | Joe               | James
<nil> | Bill Schindler                | Bill              | Schindler
<nil> | George Fonder                 | George            | Fonder
<nil> | Henry Banks                   | Henry             | Banks
<nil> | Johnny McDowell               | Johnny            | McDowell
<nil> | Chet Miller                   | Chet              | Miller
<nil> | Bobby Ball                    | Bobby             | Ball
<nil> | Charles de Tornaco            | Charles           | de Tornaco
<nil> | Roger Laurent                 | Roger             | Laurent
<nil> | Robert O'Brien                | Robert            | O'Brien
<nil> | Tony Gaze                     | Tony              | Gaze
<nil> | Robin Montgomerie-Charrington | Robin             | Montgomerie-Charrington
<nil> | Franco Comotti                | Franco            | Comotti
<nil> | Philippe Étancelin            | Philippe          | Étancelin
<nil> | Dennis Poore                  | Dennis            | Poore
<nil> | Eric Thompson                 | Eric              | Thompson
<nil> | Ken Downing                   | Ken               | Downing
<nil> | Graham Whitehead              | Graham            | Whitehead
<nil> | Gino Bianco                   | Gino              | Bianco
<nil> | David Murray                  | David             | Murray
<nil> | Eitel Cantoni                 | Eitel             | Cantoni
<nil> | Bill Aston                    | Bill              | Aston
<nil> | Adolf Brudes                  | Adolf             | Brudes
<nil> | Fritz Riess                   | Fritz             | Riess
<nil> | Helmut Niedermayr             | Helmut            | Niedermayr
<nil> | Hans Klenk                    | Hans              | Klenk
<nil> | Marcel Balsa                  | Marcel            | Balsa
<nil> | Rudolf Schoeller              | Rudolf            | Schoeller
<nil> | Paul Pietsch                  | Paul              | Pietsch
<nil> | Josef Peters                  | Josef             | Peters
<nil> | Dries van der Lof             | Dries             | van der Lof
<nil> | Jan Flinterman                | Jan               | Flinterman
<nil> | Piero Dusio                   | Piero             | Dusio
<nil> | Alberto Crespo                | Alberto           | Crespo
<nil> | Franco Rol                    | Franco            | Rol
<nil> | Consalvo Sanesi               | Consalvo          | Sanesi
<nil> | Guy Mairesse                  | Guy               | Mairesse
<nil> | Henri Louveau                 | Henri             | Louveau
<nil> | Lee Wallard                   | Lee               | Wallard
<nil> | Carl Forberg                  | Carl              | Forberg
<nil> | Mauri Rose                    | Mauri             | Rose
<nil> | Bill Mackey                   | Bill              | Mackey
<nil> | Cecil Green                   | Cecil             | Green
<nil> | Walt Brown                    | Walt              | Brown
<nil> | Mack Hellings                 | Mack              | Hellings
<nil> | Pierre Levegh                 | Pierre            | Levegh
<nil> | Eugène Chaboud                | Eugène            | Chaboud
<nil> | Aldo Gordini                  | Aldo              | Gordini
<nil> | Joe Kelly                     | Joe               | Kelly
<nil> | Philip Fotheringham-Parker    | Philip            | Fotheringham-Parker
<nil> | Brian Shawe Taylor            | Brian             | Shawe Taylor
<nil> | John James                    | John              | James
<nil> | Toni Branca                   | Toni              | Branca
<nil> | Ken Richardson                | Ken               | Richardson
<nil> | Juan Jover                    | Juan              | Jover
<nil> | Georges Grignard              | Georges           | Grignard
<nil> | David Hampshire               | David             | Hampshire
<nil> | Geoff Crossley                | Geoff             | Crossley
<nil> | Luigi Fagioli                 | Luigi             | Fagioli
<nil> | Cuth Harrison                 | Cuth              | Harrison
<nil> | Joe Fry                       | Joe               | Fry
<nil> | Eugène Martin                 | Eugène            | Martin
<nil> | Leslie Johnson                | Leslie            | Johnson
<nil> | Clemente Biondetti            | Clemente          | Biondetti
<nil> | Alfredo Pián                  | Alfredo           | Pián
<nil> | Raymond Sommer                | Raymond           | Sommer
<nil> | Joie Chitwood                 | Joie              | Chitwood
<nil> | Myron Fohr                    | Myron             | Fohr
<nil> | Walt Ader                     | Walt              | Ader
<nil> | Jackie Holmes                 | Jackie            | Holmes
<nil> | Bayliss Levrett               | Bayliss           | Levrett
<nil> | Jimmy Jackson                 | Jimmy             | Jackson
<nil> | Nello Pagani                  | Nello             | Pagani
<nil> | Charles Pozzi                 | Charles           | Pozzi
<nil> | Dorino Serafini               | Dorino            | Serafini
<nil> | Bill Cantrell                 | Bill              | Cantrell
<nil> | Johnny Mantz                  | Johnny            | Mantz
<nil> | Danny Kladis                  | Danny             | Kladis
<nil> | Óscar González                | Óscar             | González
HUL   | Nico Hülkenberg               | Nico              | Hülkenberg
PET   | Vitaly Petrov                 | Vitaly            | Petrov
DIG   | Lucas di Grassi               | Lucas             | di Grassi
SEN   | Bruno Senna                   | Bruno             | Senna
CHA   | Karun Chandhok                | Karun             | Chandhok
MAL   | Pastor Maldonado              | Pastor            | Maldonado
DIR   | Paul di Resta                 | Paul              | di Resta
PER   | Sergio Pérez                  | Sergio            | Pérez
DAM   | Jérôme d'Ambrosio             | Jérôme            | d'Ambrosio
RIC   | Daniel Ricciardo              | Daniel            | Ricciardo
VER   | Jean-Éric Vergne              | Jean-Éric         | Vergne
PIC   | Charles Pic                   | Charles           | Pic
CHI   | Max Chilton                   | Max               | Chilton
GUT   | Esteban Gutiérrez             | Esteban           | Gutiérrez
BOT   | Valtteri Bottas               | Valtteri          | Bottas
VDG   | Giedo van der Garde           | Giedo             | van der Garde
BIA   | Jules Bianchi                 | Jules             | Bianchi
MAG   | Kevin Magnussen               | Kevin             | Magnussen
KVY   | Daniil Kvyat                  | Daniil            | Kvyat
LOT   | André Lotterer                | André             | Lotterer
ERI   | Marcus Ericsson               | Marcus            | Ericsson
STE   | Will Stevens                  | Will              | Stevens
VER   | Max Verstappen                | Max               | Verstappen
NAS   | Felipe Nasr                   | Felipe            | Nasr
SAI   | Carlos Sainz                  | Carlos            | Sainz
MER   | Roberto Merhi                 | Roberto           | Merhi
RSS   | Alexander Rossi               | Alexander         | Rossi
PAL   | Jolyon Palmer                 | Jolyon            | Palmer
WEH   | Pascal Wehrlein               | Pascal            | Wehrlein
HAR   | Rio Haryanto                  | Rio               | Haryanto
VAN   | Stoffel Vandoorne             | Stoffel           | Vandoorne
OCO   | Esteban Ocon                  | Esteban           | Ocon
STR   | Lance Stroll                  | Lance             | Stroll
GIO   | Antonio Giovinazzi            | Antonio           | Giovinazzi
