code  |     driverref      |     forename      |         surname        
------+--------------------+-------------------+------------------------
HAM   | hamilton           | Lewis             | Hamilton
HEI   | heidfeld           | Nick              | Heidfeld
ROS   | rosberg            | Nico              | Rosberg
ALO   | alonso             | Fernando          | Alonso
KOV   | kovalainen         | Heikki            | Kovalainen
NAK   | nakajima           | Kazuki            | Nakajima
BOU   | bourdais           | Sébastien         | Bourdais
RAI   | raikkonen          | Kimi              | Räikkönen
KUB   | kubica             | Robert            | Kubica
GLO   | glock              | Timo              | Glock
SAT   | sato               | Takuma            | Sato
PIQ   | piquet_jr          | Nelson            | Piquet Jr.
MAS   | massa              | Felipe            | Massa
COU   | coulthard          | David             | Coulthard
TRU   | trulli             | Jarno             | Trulli
SUT   | sutil              | Adrian            | Sutil
WEB   | webber             | Mark              | Webber
BUT   | button             | Jenson            | Button
DAV   | davidson           | Anthony           | Davidson
VET   | vettel             | Sebastian         | Vettel
FIS   | fisichella         | Giancarlo         | Fisichella
BAR   | barrichello        | Rubens            | Barrichello
SCH   | ralf_schumacher    | Ralf              | Schumacher
LIU   | liuzzi             | Vitantonio        | Liuzzi
WUR   | wurz               | Alexander         | Wurz
SPE   | speed              | Scott             | Speed
ALB   | albers             | Christijan        | Albers
WIN   | markus_winkelhock  | Markus            | Winkelhock
YAM   | yamamoto           | Sakon             | Yamamoto
MSC   | michael_schumacher | Michael           | Schumacher
MON   | montoya            | Juan              | Pablo Montoya
KLI   | klien              | Christian         | Klien
TMO   | monteiro           | Tiago             | Monteiro
IDE   | ide                | Yuji              | Ide
VIL   | villeneuve         | Jacques           | Villeneuve
FMO   | montagny           | Franck            | Montagny
DLR   | rosa               | Pedro             | de la Rosa
DOO   | doornbos           | Robert            | Doornbos
KAR   | karthikeyan        | Narain            | Karthikeyan
FRI   | friesacher         | Patrick           | Friesacher
ZON   | zonta              | Ricardo           | Zonta
PIZ   | pizzonia           | Antônio           | Pizzonia
<nil> | matta              | Cristiano         | da Matta
<nil> | panis              | Olivier           | Panis
<nil> | pantano            | Giorgio           | Pantano
<nil> | bruni              | Gianmaria         | Bruni
<nil> | baumgartner        | Zsolt             | Baumgartner
<nil> | gene               | Marc              | Gené
<nil> | frentzen           | Heinz-Harald      | Frentzen
<nil> | verstappen         | Jos               | Verstappen
<nil> | wilson             | Justin            | Wilson
<nil> | firman             | Ralph             | Firman
<nil> | kiesa              | Nicolas           | Kiesa
<nil> | burti              | Luciano           | Burti
<nil> | alesi              | Jean              | Alesi
<nil> | irvine             | Eddie             | Irvine
<nil> | hakkinen           | Mika              | Häkkinen
<nil> | marques            | Tarso             | Marques
<nil> | bernoldi           | Enrique           | Bernoldi
<nil> | mazzacane          | Gastón            | Mazzacane
<nil> | enge               | Tomáš             | Enge
<nil> | yoong              | Alex              | Yoong
<nil> | salo               | Mika              | Salo
<nil> | diniz              | Pedro             | Diniz
<nil> | herbert            | Johnny            | Herbert
<nil> | mcnish             | Allan             | McNish
BUE   | buemi              | Sébastien         | Buemi
<nil> | takagi             | Toranosuke        | Takagi
BAD   | badoer             | Luca              | Badoer
<nil> | zanardi            | Alessandro        | Zanardi
<nil> | damon_hill         | Damon             | Hill
<nil> | sarrazin           | Stéphane          | Sarrazin
<nil> | rosset             | Ricardo           | Rosset
<nil> | tuero              | Esteban           | Tuero
<nil> | nakano             | Shinji            | Nakano
MAG   | magnussen          | Jan               | Magnussen
<nil> | berger             | Gerhard           | Berger
<nil> | larini             | Nicola            | Larini
<nil> | katayama           | Ukyo              | Katayama
<nil> | sospiri            | Vincenzo          | Sospiri
<nil> | morbidelli         | Gianni            | Morbidelli
<nil> | fontana            | Norberto          | Fontana
<nil> | lamy               | Pedro             | Lamy
<nil> | brundle            | Martin            | Brundle
<nil> | montermini         | Andrea            | Montermini
<nil> | lavaggi            | Giovanni          | Lavaggi
<nil> | blundell           | Mark              | Blundell
<nil> | suzuki             | Aguri             | Suzuki
<nil> | inoue              | Taki              | Inoue
<nil> | moreno             | Roberto           | Moreno
<nil> | wendlinger         | Karl              | Wendlinger
<nil> | gachot             | Bertrand          | Gachot
<nil> | schiattarella      | Domenico          | Schiattarella
<nil> | martini            | Pierluigi         | Martini
<nil> | mansell            | Nigel             | Mansell
<nil> | boullion           | Jean-Christophe   | Boullion
<nil> | papis              | Massimiliano      | Papis
<nil> | deletraz           | Jean-Denis        | Délétraz
<nil> | tarquini           | Gabriele          | Tarquini
<nil> | comas              | Érik              | Comas
<nil> | brabham            | David             | Brabham
<nil> | senna              | Ayrton            | Senna
<nil> | bernard            | Éric              | Bernard
<nil> | fittipaldi         | Christian         | Fittipaldi
<nil> | alboreto           | Michele           | Alboreto
<nil> | beretta            | Olivier           | Beretta
<nil> | ratzenberger       | Roland            | Ratzenberger
<nil> | belmondo           | Paul              | Belmondo
<nil> | lehto              | Jyrki             | Järvilehto
<nil> | cesaris            | Andrea            | de Cesaris
<nil> | gounon             | Jean-Marc         | Gounon
<nil> | alliot             | Philippe          | Alliot
<nil> | adams              | Philippe          | Adams
<nil> | dalmas             | Yannick           | Dalmas
<nil> | noda               | Hideki            | Noda
<nil> | lagorce            | Franck            | Lagorce
<nil> | prost              | Alain             | Prost
<nil> | warwick            | Derek             | Warwick
<nil> | patrese            | Riccardo          | Patrese
<nil> | barbazza           | Fabrizio          | Barbazza
<nil> | andretti           | Michael           | Andretti
<nil> | capelli            | Ivan              | Capelli
<nil> | boutsen            | Thierry           | Boutsen
<nil> | apicella           | Marco             | Apicella
<nil> | naspetti           | Emanuele          | Naspetti
<nil> | toshio_suzuki      | Toshio            | Suzuki
<nil> | gugelmin           | Maurício          | Gugelmin
<nil> | poele              | Eric              | van de Poele
<nil> | grouillard         | Olivier           | Grouillard
<nil> | chiesa             | Andrea            | Chiesa
<nil> | modena             | Stefano           | Modena
<nil> | amati              | Giovanna          | Amati
<nil> | caffi              | Alex              | Caffi
<nil> | bertaggia          | Enrico            | Bertaggia
<nil> | mccarthy           | Perry             | McCarthy
<nil> | lammers            | Jan               | Lammers
<nil> | piquet             | Nelson            | Piquet
<nil> | satoru_nakajima    | Satoru            | Nakajima
<nil> | pirro              | Emanuele          | Pirro
<nil> | johansson          | Stefan            | Johansson
<nil> | bailey             | Julian            | Bailey
<nil> | chaves             | Pedro             | Chaves
<nil> | bartels            | Michael           | Bartels
<nil> | hattori            | Naoki             | Hattori
<nil> | nannini            | Alessandro        | Nannini
<nil> | schneider          | Bernd             | Schneider
<nil> | barilla            | Paolo             | Barilla
<nil> | foitek             | Gregor            | Foitek
<nil> | langes             | Claudio           | Langes
<nil> | gary_brabham       | Gary              | Brabham
<nil> | donnelly           | Martin            | Donnelly
<nil> | giacomelli         | Bruno             | Giacomelli
ALG   | alguersuari        | Jaime             | Alguersuari
GRO   | grosjean           | Romain            | Grosjean
KOB   | kobayashi          | Kamui             | Kobayashi
<nil> | palmer             | Jonathan          | Palmer
<nil> | danner             | Christian         | Danner
<nil> | cheever            | Eddie             | Cheever
<nil> | sala               | Luis              | Pérez-Sala
<nil> | ghinzani           | Piercarlo         | Ghinzani
<nil> | weidler            | Volker            | Weidler
<nil> | raphanel           | Pierre-Henri      | Raphanel
<nil> | arnoux             | René              | Arnoux
<nil> | joachim_winkelhock | Joachim           | Winkelhock
<nil> | larrauri           | Oscar             | Larrauri
<nil> | streiff            | Philippe          | Streiff
<nil> | campos             | Adrián            | Campos
<nil> | schlesser          | Jean-Louis        | Schlesser
<nil> | fabre              | Pascal            | Fabre
<nil> | fabi               | Teo               | Fabi
<nil> | forini             | Franco            | Forini
<nil> | laffite            | Jacques           | Laffite
<nil> | angelis            | Elio              | de Angelis
<nil> | dumfries           | Johnny            | Dumfries
<nil> | tambay             | Patrick           | Tambay
<nil> | surer              | Marc              | Surer
<nil> | keke_rosberg       | Keke              | Rosberg
<nil> | jones              | Alan              | Jones
<nil> | rothengatter       | Huub              | Rothengatter
<nil> | berg               | Allen             | Berg
<nil> | manfred_winkelhock | Manfred           | Winkelhock
<nil> | lauda              | Niki              | Lauda
<nil> | hesnault           | François          | Hesnault
<nil> | baldi              | Mauro             | Baldi
<nil> | bellof             | Stefan            | Bellof
<nil> | acheson            | Kenny             | Acheson
<nil> | watson             | John              | Watson
<nil> | cecotto            | Johnny            | Cecotto
<nil> | gartner            | Jo                | Gartner
<nil> | corrado_fabi       | Corrado           | Fabi
<nil> | thackwell          | Mike              | Thackwell
<nil> | serra              | Chico             | Serra
<nil> | sullivan           | Danny             | Sullivan
<nil> | salazar            | Eliseo            | Salazar
<nil> | guerrero           | Roberto           | Guerrero
<nil> | boesel             | Raul              | Boesel
<nil> | jarier             | Jean-Pierre       | Jarier
<nil> | villeneuve_sr      | Jacques           | Villeneuve Sr.
<nil> | reutemann          | Carlos            | Reutemann
<nil> | mass               | Jochen            | Mass
<nil> | borgudd            | Slim              | Borgudd
<nil> | pironi             | Didier            | Pironi
<nil> | gilles_villeneuve  | Gilles            | Villeneuve
<nil> | paletti            | Riccardo          | Paletti
<nil> | henton             | Brian             | Henton
<nil> | daly               | Derek             | Daly
<nil> | mario_andretti     | Mario             | Andretti
<nil> | villota            | Emilio            | de Villota
<nil> | lees               | Geoff             | Lees
<nil> | byrne              | Tommy             | Byrne
<nil> | keegan             | Rupert            | Keegan
<nil> | rebaque            | Hector            | Rebaque
<nil> | gabbiani           | Beppe             | Gabbiani
<nil> | cogan              | Kevin             | Cogan
<nil> | guerra             | Miguel Ángel      | Guerra
<nil> | stohr              | Siegfried         | Stohr
<nil> | zunino             | Ricardo           | Zunino
<nil> | londono            | Ricardo           | Londoño
<nil> | jabouille          | Jean-Pierre       | Jabouille
<nil> | francia            | Giorgio           | Francia
<nil> | depailler          | Patrick           | Depailler
<nil> | scheckter          | Jody              | Scheckter
<nil> | regazzoni          | Clay              | Regazzoni
<nil> | emerson_fittipaldi | Emerson           | Fittipaldi
<nil> | kennedy            | Dave              | Kennedy
<nil> | south              | Stephen           | South
<nil> | needell            | Tiff              | Needell
<nil> | desire_wilson      | Desiré            | Wilson
<nil> | ertl               | Harald            | Ertl
<nil> | brambilla          | Vittorio          | Brambilla
<nil> | hunt               | James             | Hunt
<nil> | merzario           | Arturo            | Merzario
<nil> | stuck              | Hans-Joachim      | Stuck
<nil> | brancatelli        | Gianfranco        | Brancatelli
<nil> | ickx               | Jacky             | Ickx
<nil> | gaillard           | Patrick           | Gaillard
<nil> | ribeiro            | Alex              | Ribeiro
<nil> | peterson           | Ronnie            | Peterson
<nil> | lunger             | Brett             | Lunger
<nil> | ongais             | Danny             | Ongais
<nil> | leoni              | Lamberto          | Leoni
<nil> | galica             | Divina            | Galica
<nil> | stommelen          | Rolf              | Stommelen
<nil> | colombo            | Alberto           | Colombo
<nil> | trimmer            | Tony              | Trimmer
<nil> | binder             | Hans              | Binder
<nil> | bleekemolen        | Michael           | Bleekemolen
<nil> | gimax              | Carlo             | Franchi
<nil> | rahal              | Bobby             | Rahal
<nil> | pace               | Carlos            | Pace
<nil> | ian_scheckter      | Ian               | Scheckter
<nil> | pryce              | Tom               | Pryce
<nil> | hoffmann           | Ingo              | Hoffmann
<nil> | zorzi              | Renzo             | Zorzi
<nil> | nilsson            | Gunnar            | Nilsson
<nil> | perkins            | Larry             | Perkins
<nil> | hayje              | Boy               | Lunger
<nil> | neve               | Patrick           | Nève
<nil> | purley             | David             | Purley
<nil> | andersson          | Conny             | Andersson
<nil> | dryver             | Bernard           | de Dryver
<nil> | oliver             | Jackie            | Oliver
<nil> | kozarowitzky       | Mikko             | Kozarowitzky
<nil> | sutcliffe          | Andy              | Sutcliffe
<nil> | edwards            | Guy               | Edwards
<nil> | mcguire            | Brian             | McGuire
<nil> | schuppan           | Vern              | Schuppan
<nil> | heyer              | Hans              | Heyer
<nil> | pilette            | Teddy             | Pilette
<nil> | ashley             | Ian               | Ashley
<nil> | kessel             | Loris             | Kessel
<nil> | takahashi          | Kunimitsu         | Takahashi
<nil> | hoshino            | Kazuyoshi         | Hoshino
<nil> | takahara           | Noritake          | Takahara
<nil> | lombardi           | Lella             | Lombardi
<nil> | evans              | Bob               | Evans
<nil> | leclere            | Michel            | Leclère
<nil> | amon               | Chris             | Amon
<nil> | zapico             | Emilio            | Zapico
<nil> | pescarolo          | Henri             | Pescarolo
<nil> | nelleman           | Jac               | Nelleman
<nil> | magee              | Damien            | Magee
<nil> | wilds              | Mike              | Wilds
<nil> | pesenti_rossi      | Alessandro        | Pesenti-Rossi
<nil> | stuppacher         | Otto              | Stuppacher
<nil> | brown              | Warwick           | Brown
<nil> | hasemi             | Masahiro          | Hasemi
<nil> | donohue            | Mark              | Donohue
<nil> | hill               | Graham            | Hill
<nil> | wilson_fittipaldi  | Wilson            | Fittipaldi
<nil> | tunmer             | Guy               | Tunmer
<nil> | keizan             | Eddie             | Keizan
<nil> | charlton           | Dave              | Charlton
<nil> | brise              | Tony              | Brise
<nil> | wunderink          | Roelof            | Wunderink
<nil> | migault            | François          | Migault
<nil> | palm               | Torsten           | Palm
<nil> | lennep             | Gijs              | van Lennep
<nil> | fushida            | Hiroshi           | Fushida
<nil> | nicholson          | John              | Nicholson
<nil> | morgan             | Dave              | Morgan
<nil> | crawford           | Jim               | Crawford
<nil> | vonlanthen         | Jo                | Vonlanthen
<nil> | hulme              | Denny             | Hulme
<nil> | hailwood           | Mike              | Hailwood
<nil> | beltoise           | Jean-Pierre       | Beltoise
<nil> | ganley             | Howden            | Ganley
<nil> | robarts            | Richard           | Robarts
<nil> | revson             | Peter             | Revson
<nil> | driver             | Paddy             | Driver
<nil> | belso              | Tom               | Belsø
<nil> | redman             | Brian             | Redman
<nil> | opel               | Rikky             | von Opel
<nil> | schenken           | Tim               | Schenken
<nil> | larrousse          | Gérard            | Larrousse
<nil> | kinnunen           | Leo               | Kinnunen
<nil> | wisell             | Reine             | Wisell
<nil> | roos               | Bertil            | Roos
<nil> | dolhem             | José              | Dolhem
<nil> | gethin             | Peter             | Gethin
<nil> | bell               | Derek             | Bell
<nil> | hobbs              | David             | Hobbs
<nil> | quester            | Dieter            | Quester
<nil> | koinigg            | Helmuth           | Koinigg
<nil> | facetti            | Carlo             | Facetti
<nil> | wietzes            | Eppie             | Wietzes
<nil> | cevert             | François          | Cevert
<nil> | stewart            | Jackie            | Stewart
<nil> | beuttler           | Mike              | Beuttler
<nil> | galli              | Nanni             | Galli
<nil> | bueno              | Luiz              | Bueno
<nil> | follmer            | George            | Follmer
<nil> | adamich            | Andrea            | de Adamich
<nil> | pretorius          | Jackie            | Pretorius
<nil> | williamson         | Roger             | Williamson
<nil> | mcrae              | Graham            | McRae
<nil> | marko              | Helmut            | Marko
<nil> | walker             | David             | Walker
<nil> | roig               | Alex              | Soler-Roig
<nil> | love               | John              | Love
<nil> | surtees            | John              | Surtees
<nil> | barber             | Skip              | Barber
<nil> | brack              | Bill              | Brack
<nil> | posey              | Sam               | Posey
<nil> | rodriguez          | Pedro             | Rodríguez
<nil> | siffert            | Jo                | Siffert
<nil> | bonnier            | Jo                | Bonnier
<nil> | mazet              | François          | Mazet
<nil> | jean               | Max               | Jean
<nil> | elford             | Vic               | Elford
<nil> | moser              | Silvio            | Moser
<nil> | eaton              | George            | Eaton
<nil> | lovely             | Pete              | Lovely
<nil> | craft              | Chris             | Craft
<nil> | Cannoc             | John              | Cannon
<nil> | jack_brabham       | Jack              | Brabham
<nil> | miles              | John              | Miles
<nil> | rindt              | Jochen            | Rindt
<nil> | gavin              | Johnny            | Servoz-Gavin
<nil> | mclaren            | Bruce             | McLaren
<nil> | courage            | Piers             | Courage
<nil> | klerk              | Peter             | de Klerk
<nil> | giunti             | Ignazio           | Giunti
<nil> | gurney             | Dan               | Gurney
<nil> | hahne              | Hubert            | Hahne
<nil> | hutchison          | Gus               | Hutchison
<nil> | westbury           | Peter             | Westbury
<nil> | tingle             | Sam               | Tingle
<nil> | rooyen             | Basil             | van Rooyen
<nil> | attwood            | Richard           | Attwood
<nil> | pease              | Al                | Pease
<nil> | cordts             | John              | Cordts
<nil> | clark              | Jim               | Clark
<nil> | spence             | Mike              | Spence
<nil> | scarfiotti         | Ludovico          | Scarfiotti
BIA   | bianchi            | Lucien            | Bianchi
<nil> | jo_schlesser       | Jo                | Schlesser
<nil> | widdows            | Robin             | Widdows
<nil> | ahrens             | Kurt              | Ahrens
<nil> | gardner            | Frank             | Gardner
<nil> | unser              | Bobby             | Unser
<nil> | solana             | Moisés            | Solana
<nil> | anderson           | Bob               | Anderson
<nil> | botha              | Luki              | Botha
<nil> | bandini            | Lorenzo           | Bandini
<nil> | ginther            | Richie            | Ginther
<nil> | parkes             | Mike              | Parkes
<nil> | irwin              | Chris             | Irwin
<nil> | ligier             | Guy               | Ligier
<nil> | rees               | Alan              | Rees
<nil> | hart               | Brian             | Hart
<nil> | fisher             | Mike              | Fisher
<nil> | tom_jones          | Tom               | Jones
<nil> | baghetti           | Giancarlo         | Baghetti
<nil> | williams           | Jonathan          | Williams
<nil> | bondurant          | Bob               | Bondurant
<nil> | arundell           | Peter             | Arundell
<nil> | vic_wilson         | Vic               | Wilson
<nil> | taylor             | John              | Taylor
<nil> | lawrence           | Chris             | Lawrence
<nil> | trevor_taylor      | Trevor            | Taylor
<nil> | geki               | Giacomo           | Russo
<nil> | phil_hill          | Phil              | Hill
<nil> | ireland            | Innes             | Ireland
<nil> | bucknum            | Ronnie            | Bucknum
<nil> | hawkins            | Paul              | Hawkins
<nil> | prophet            | David             | Prophet
<nil> | maggs              | Tony              | Maggs
<nil> | blokdyk            | Trevor            | Blokdyk
<nil> | lederle            | Neville           | Lederle
<nil> | serrurier          | Doug              | Serrurier
<nil> | niemann            | Brausch           | Niemann
<nil> | pieterse           | Ernie             | Pieterse
<nil> | puzey              | Clive             | Puzey
<nil> | reed               | Ray               | Reed
<nil> | clapham            | David             | Clapham
<nil> | blignaut           | Alex              | Blignaut
<nil> | gregory            | Masten            | Gregory
<nil> | rhodes             | John              | Rhodes
<nil> | raby               | Ian               | Raby
<nil> | rollinson          | Alan              | Rollinson
<nil> | gubby              | Brian             | Gubby
<nil> | mitter             | Gerhard           | Mitter
<nil> | bussinello         | Roberto           | Bussinello
<nil> | vaccarella         | Nino              | Vaccarella
<nil> | bassi              | Giorgio           | Bassi
<nil> | trintignant        | Maurice           | Trintignant
<nil> | collomb            | Bernard           | Collomb
<nil> | andre_pilette      | André             | Pilette
<nil> | beaufort           | Carel Godin       | de Beaufort
<nil> | barth              | Edgar             | Barth
<nil> | cabral             | Mário de Araújo   | Cabral
<nil> | hansgen            | Walt              | Hansgen
<nil> | sharp              | Hap               | Sharp
<nil> | mairesse           | Willy             | Mairesse
<nil> | campbell-jones     | John              | Campbell-Jones
<nil> | burgess            | Ian               | Burgess
<nil> | settember          | Tony              | Settember
<nil> | estefano           | Nasif             | Estéfano
<nil> | hall               | Jim               | Hall
<nil> | parnell            | Tim               | Parnell
<nil> | kuhnke             | Kurt              | Kuhnke
<nil> | ernesto_brambilla  | Ernesto           | Brambilla
<nil> | lippi              | Roberto           | Lippi
<nil> | seiffert           | Günther           | Seiffert
<nil> | abate              | Carlo             | Abate
<nil> | starrabba          | Gaetano           | Starrabba
<nil> | broeker            | Peter             | Broeker
<nil> | ward               | Rodger            | Ward
<nil> | vos                | Ernie             | de Vos
<nil> | dochnal            | Frank             | Dochnal
<nil> | monarch            | Thomas            | Monarch
<nil> | lewis              | Jackie            | Lewis
<nil> | ricardo_rodriguez  | Ricardo           | Rodríguez
<nil> | seidel             | Wolfgang          | Seidel
<nil> | salvadori          | Roy               | Salvadori
<nil> | pon                | Ben               | Pon
<nil> | slotemaker         | Rob               | Slotemaker
<nil> | marsh              | Tony              | Marsh
<nil> | ashmore            | Gerry             | Ashmore
<nil> | schiller           | Heinz             | Schiller
<nil> | davis              | Colin             | Davis
<nil> | chamberlain        | Jay               | Chamberlain
<nil> | shelly             | Tony              | Shelly
<nil> | greene             | Keith             | Greene
<nil> | walter             | Heini             | Walter
<nil> | prinoth            | Ernesto           | Prinoth
<nil> | penske             | Roger             | Penske
<nil> | schroeder          | Rob               | Schroeder
<nil> | mayer              | Timmy             | Mayer
<nil> | johnstone          | Bruce             | Johnstone
<nil> | harris             | Mike              | Harris
<nil> | hocking            | Gary              | Hocking
<nil> | vyver              | Syd               | van der Vyver
<nil> | moss               | Stirling          | Moss
<nil> | trips              | Wolfgang          | von Trips
<nil> | allison            | Cliff             | Allison
<nil> | herrmann           | Hans              | Herrmann
<nil> | brooks             | Tony              | Brooks
<nil> | may                | Michael           | May
<nil> | henry_taylor       | Henry             | Taylor
<nil> | gendebien          | Olivier           | Gendebien
<nil> | scarlatti          | Giorgio           | Scarlatti
<nil> | naylor             | Brian             | Naylor
<nil> | bordeu             | Juan Manuel       | Bordeu
<nil> | fairman            | Jack              | Fairman
<nil> | natili             | Massimo           | Natili
<nil> | monteverdi         | Peter             | Monteverdi
<nil> | pirocchi           | Renato            | Pirocchi
<nil> | duke               | Geoff             | Duke
<nil> | thiele             | Alfonso           | Thiele
<nil> | boffa              | Menato            | Boffa
<nil> | ryan               | Peter             | Ryan
<nil> | ruby               | Lloyd             | Ruby
<nil> | ken_miles          | Ken               | Miles
<nil> | menditeguy         | Carlos            | Menditeguy
<nil> | larreta            | Alberto Rodriguez | Larreta
<nil> | gonzalez           | José Froilán      | González
<nil> | bonomi             | Roberto           | Bonomi
<nil> | munaron            | Gino              | Munaron
<nil> | schell             | Harry             | Schell
<nil> | stacey             | Alan              | Stacey
<nil> | chimeri            | Ettore            | Chimeri
<nil> | creus              | Antonio           | Creus
<nil> | bristow            | Chris             | Bristow
<nil> | halford            | Bruce             | Halford
<nil> | daigh              | Chuck             | Daigh
<nil> | reventlow          | Lance             | Reventlow
<nil> | rathmann           | Jim               | Rathmann
<nil> | goldsmith          | Paul              | Goldsmith
<nil> | branson            | Don               | Branson
<nil> | thomson            | Johnny            | Thomson
<nil> | johnson            | Eddie             | Johnson
<nil> | veith              | Bob               | Veith
<nil> | tingelstad         | Bud               | Tingelstad
<nil> | christie           | Bob               | Christie
<nil> | amick              | Red               | Amick
<nil> | darter             | Duane             | Carter
<nil> | homeier            | Bill              | Homeier
<nil> | hartley            | Gene              | Hartley
<nil> | stevenson          | Chuck             | Stevenson
<nil> | grim               | Bobby             | Grim
<nil> | templeman          | Shorty            | Templeman
<nil> | hurtubise          | Jim               | Hurtubise
<nil> | bryan              | Jimmy             | Bryan
<nil> | ruttman            | Troy              | Ruttman
<nil> | sachs              | Eddie             | Sachs
<nil> | freeland           | Don               | Freeland
<nil> | bettenhausen       | Tony              | Bettenhausen
<nil> | weiler             | Wayne             | Weiler
<nil> | foyt               | Anthony           | Foyt
<nil> | russo              | Eddie             | Russo
<nil> | boyd               | Johnny            | Boyd
<nil> | force              | Gene              | Force
<nil> | mcwithey           | Jim               | McWithey
<nil> | sutton             | Len               | Sutton
<nil> | dick_rathmann      | Dick              | Rathmann
<nil> | herman             | Al                | Herman
<nil> | dempsey_wilson     | Dempsey           | Wilson
<nil> | mike_taylor        | Mike              | Taylor
<nil> | flockhart          | Ron               | Flockhart
<nil> | piper              | David             | Piper
<nil> | cabianca           | Giulio            | Cabianca
<nil> | drogo              | Piero             | Drogo
<nil> | gamble             | Fred              | Gamble
<nil> | owen               | Arthur            | Owen
<nil> | gould              | Horace            | Gould
<nil> | drake              | Bob               | Drake
<nil> | bueb               | Ivor              | Bueb
<nil> | Changy             | Alain             | de Changy
<nil> | filippis           | Maria             | de Filippis
<nil> | lucienbonnet       | Jean              | Lucienbonnet
<nil> | testut             | André             | Testut
<nil> | behra              | Jean              | Behra
<nil> | paul_russo         | Paul              | Russo
<nil> | daywalt            | Jimmy             | Daywalt
<nil> | arnold             | Chuck             | Arnold
<nil> | keller             | Al                | Keller
<nil> | flaherty           | Pat               | Flaherty
<nil> | cheesbourg         | Bill              | Cheesbourg
<nil> | ray_crawford       | Ray               | Crawford
<nil> | turner             | Jack              | Turner
<nil> | weyant             | Chuck             | Weyant
<nil> | larson             | Jud               | Larson
<nil> | magill             | Mike              | Magill
<nil> | shelby             | Carroll           | Shelby
<nil> | orey               | Fritz             | d'Orey
<nil> | fontes             | Azdrubal          | Fontes
<nil> | ashdown            | Peter             | Ashdown
<nil> | bill_moss          | Bill              | Moss
<nil> | dennis_taylor      | Dennis            | Taylor
<nil> | blanchard          | Harry             | Blanchard
<nil> | tomaso             | Alessandro        | de Tomaso
<nil> | constantine        | George            | Constantine
<nil> | said               | Bob               | Said
<nil> | cade               | Phil              | Cade
<nil> | musso              | Luigi             | Musso
<nil> | hawthorn           | Mike              | Hawthorn
<nil> | fangio             | Juan              | Fangio
<nil> | godia              | Paco              | Godia
<nil> | collins            | Peter             | Collins
<nil> | kavanagh           | Ken               | Kavanagh
<nil> | gerini             | Gerino            | Gerini
<nil> | kessler            | Bruce             | Kessler
<nil> | emery              | Paul              | Emery
<nil> | piotti             | Luigi             | Piotti
<nil> | ecclestone         | Bernie            | Ecclestone
<nil> | taramazzo          | Luigi             | Taramazzo
<nil> | chiron             | Louis             | Chiron
<nil> | lewis-evans        | Stuart            | Lewis-Evans
<nil> | george_amick       | George            | Amick
<nil> | reece              | Jimmy             | Reece
<nil> | parsons            | Johnnie           | Parsons
<nil> | tolan              | Johnnie           | Tolan
<nil> | garrett            | Billy             | Garrett
<nil> | elisian            | Ed                | Elisian
<nil> | connor             | Pat               | O'Connor
<nil> | jerry_unser        | Jerry             | Unser
<nil> | bisch              | Art               | Bisch
<nil> | goethals           | Christian         | Goethals
<nil> | gibson             | Dick              | Gibson
<nil> | la_caze            | Robert            | La Caze
<nil> | guelfi             | André             | Guelfi
<nil> | picard             | François          | Picard
<nil> | bridger            | Tom               | Bridger
<nil> | portago            | Alfonso           | de Portago
<nil> | perdisa            | Cesare            | Perdisa
<nil> | castellotti        | Eugenio           | Castellotti
<nil> | simon              | André             | Simon
<nil> | leston             | Les               | Leston
<nil> | hanks              | Sam               | Hanks
<nil> | linden             | Andy              | Linden
<nil> | teague             | Marshall          | Teague
<nil> | edmunds            | Don               | Edmunds
<nil> | agabashian         | Fred              | Agabashian
<nil> | george             | Elmer             | George
<nil> | macdowel           | Mike              | MacDowel
<nil> | mackay-fraser      | Herbert           | MacKay-Fraser
<nil> | gerard             | Bob               | Gerard
<nil> | maglioli           | Umberto           | Maglioli
<nil> | england            | Paul              | England
<nil> | landi              | Chico             | Landi
<nil> | uria               | Alberto           | Uria
<nil> | ramos              | Hernando          | da Silva Ramos
<nil> | bayol              | Élie              | Bayol
<nil> | manzon             | Robert            | Manzon
<nil> | rosier             | Louis             | Rosier
<nil> | sweikert           | Bob               | Sweikert
<nil> | griffith           | Cliff             | Griffith
<nil> | dinsmore           | Duke              | Dinsmore
<nil> | andrews            | Keith             | Andrews
<nil> | frere              | Paul              | Frère
<nil> | villoresi          | Luigi             | Villoresi
<nil> | scotti             | Piero             | Scotti
<nil> | chapman            | Colin             | Chapman
<nil> | titterington       | Desmond           | Titterington
<nil> | scott_Brown        | Archie            | Scott Brown
<nil> | volonterio         | Ottorino          | Volonterio
<nil> | milhoux            | André             | Milhoux
<nil> | graffenried        | Toulo             | de Graffenried
<nil> | taruffi            | Piero             | Taruffi
<nil> | farina             | Nino              | Farina
<nil> | mieres             | Roberto           | Mieres
<nil> | mantovani          | Sergio            | Mantovani
<nil> | bucci              | Clemar            | Bucci
<nil> | iglesias           | Jesús             | Iglesias
<nil> | ascari             | Alberto           | Ascari
<nil> | kling              | Karl              | Kling
<nil> | birger             | Pablo             | Birger
<nil> | pollet             | Jacques           | Pollet
<nil> | macklin            | Lance             | Macklin
<nil> | whiteaway          | Ted               | Whiteaway
<nil> | davies             | Jimmy             | Davies
<nil> | faulkner           | Walt              | Faulkner
<nil> | niday              | Cal               | Niday
<nil> | cross              | Art               | Cross
<nil> | vukovich           | Bill              | Vukovich
<nil> | mcgrath            | Jack              | McGrath
<nil> | hoyt               | Jerry             | Hoyt
<nil> | claes              | Johnny            | Claes
<nil> | peter_walker       | Peter             | Walker
<nil> | sparken            | Mike              | Sparken
<nil> | wharton            | Ken               | Wharton
<nil> | mcalpine           | Kenneth           | McAlpine
<nil> | marr               | Leslie            | Marr
<nil> | rolt               | Tony              | Rolt
<nil> | fitch              | John              | Fitch
<nil> | lucas              | Jean              | Lucas
<nil> | bira               | Prince            | Bira
<nil> | marimon            | Onofre            | Marimón
<nil> | loyer              | Roger             | Loyer
<nil> | daponte            | Jorge             | Daponte
<nil> | nazaruk            | Mike              | Nazaruk
<nil> | crockett           | Larry             | Crockett
<nil> | ayulo              | Manny             | Ayulo
<nil> | armi               | Frank             | Armi
<nil> | webb               | Travis            | Webb
<nil> | duncan             | Len               | Duncan
<nil> | mccoy              | Ernie             | McCoy
<nil> | swaters            | Jacques           | Swaters
<nil> | georges_berger     | Georges           | Berger
<nil> | beauman            | Don               | Beauman
<nil> | thorne             | Leslie            | Thorne
<nil> | whitehouse         | Bill              | Whitehouse
<nil> | riseley_prichard   | John              | Riseley-Prichard
<nil> | reg_parnell        | Reg               | Parnell
<nil> | whitehead          | Peter             | Whitehead
<nil> | brandon            | Eric              | Brandon
<nil> | alan_brown         | Alan              | Brown
<nil> | nuckey             | Rodney            | Nuckey
<nil> | lang               | Hermann           | Lang
<nil> | helfrich           | Theo              | Helfrich
<nil> | wacker             | Fred              | Wacker
<nil> | riu                | Giovanni          | de Riu
<nil> | galvez             | Oscar             | Gálvez
<nil> | john_barber        | John              | Barber
<nil> | bonetto            | Felice            | Bonetto
<nil> | cruz               | Adolfo            | Cruz
<nil> | nalon              | Duke              | Nalon
<nil> | scarborough        | Carl              | Scarborough
<nil> | holland            | Bill              | Holland
<nil> | bob_scott          | Bob               | Scott
<nil> | legat              | Arthur            | Legat
<nil> | cabantous          | Yves              | Cabantous
<nil> | crook              | Tony              | Crook
<nil> | jimmy_stewart      | Jimmy             | Stewart
<nil> | ian_stewart        | Ian               | Stewart
<nil> | duncan_hamilton    | Duncan            | Hamilton
<nil> | klodwig            | Ernst             | Klodwig
<nil> | krause             | Rudolf            | Krause
<nil> | karch              | Oswald            | Karch
<nil> | heeks              | Willi             | Heeks
<nil> | fitzau             | Theo              | Fitzau
<nil> | adolff             | Kurt              | Adolff
<nil> | bechem             | Günther           | Bechem
<nil> | bauer              | Erwin             | Bauer
<nil> | hans_stuck         | Hans              | von Stuck
<nil> | loof               | Ernst             | Loof
<nil> | scherrer           | Albert            | Scherrer
<nil> | terra              | Max               | de Terra
<nil> | hirt               | Peter             | Hirt
<nil> | carini             | Piero             | Carini
<nil> | fischer            | Rudi              | Fischer
<nil> | ulmen              | Toni              | Ulmen
<nil> | abecassis          | George            | Abecassis
<nil> | george_connor      | George            | Connor
<nil> | rigsby             | Jim               | Rigsby
<nil> | james              | Joe               | James
<nil> | schindler          | Bill              | Schindler
<nil> | fonder             | George            | Fonder
<nil> | banks              | Henry             | Banks
<nil> | mcdowell           | Johnny            | McDowell
<nil> | miller             | Chet              | Miller
<nil> | ball               | Bobby             | Ball
<nil> | tornaco            | Charles           | de Tornaco
<nil> | laurent            | Roger             | Laurent
<nil> | obrien             | Robert            | O'Brien
<nil> | gaze               | Tony              | Gaze
<nil> | charrington        | Robin             | Montgomerie-Charrington
<nil> | comotti            | Franco            | Comotti
<nil> | etancelin          | Philippe          | Étancelin
<nil> | poore              | Dennis            | Poore
<nil> | thompson           | Eric              | Thompson
<nil> | downing            | Ken               | Downing
<nil> | graham_whitehead   | Graham            | Whitehead
<nil> | bianco             | Gino              | Bianco
<nil> | murray             | David             | Murray
<nil> | cantoni            | Eitel             | Cantoni
<nil> | aston              | Bill              | Aston
<nil> | brudes             | Adolf             | Brudes
<nil> | riess              | Fritz             | Riess
<nil> | niedermayr         | Helmut            | Niedermayr
<nil> | klenk              | Hans              | Klenk
<nil> | balsa              | Marcel            | Balsa
<nil> | schoeller          | Rudolf            | Schoeller
<nil> | pietsch            | Paul              | Pietsch
<nil> | peters             | Josef             | Peters
<nil> | lof                | Dries             | van der Lof
<nil> | flinterman         | Jan               | Flinterman
<nil> | dusio              | Piero             | Dusio
<nil> | crespo             | Alberto           | Crespo
<nil> | rol                | Franco            | Rol
<nil> | sanesi             | Consalvo          | Sanesi
<nil> | guy_mairesse       | Guy               | Mairesse
<nil> | louveau            | Henri             | Louveau
<nil> | wallard            | Lee               | Wallard
<nil> | forberg            | Carl              | Forberg
<nil> | rose               | Mauri             | Rose
<nil> | mackey             | Bill              | Mackey
<nil> | green              | Cecil             | Green
<nil> | walt_brown         | Walt              | Brown
<nil> | hellings           | Mack              | Hellings
<nil> | levegh             | Pierre            | Levegh
<nil> | chaboud            | Eugène            | Chaboud
<nil> | gordini            | Aldo              | Gordini
<nil> | kelly              | Joe               | Kelly
<nil> | parker             | Philip            | Fotheringham-Parker
<nil> | shawe_taylor       | Brian             | Shawe Taylor
<nil> | john_james         | John              | James
<nil> | branca             | Toni              | Branca
<nil> | richardson         | Ken               | Richardson
<nil> | jover              | Juan              | Jover
<nil> | grignard           | Georges           | Grignard
<nil> | hampshire          | David             | Hampshire
<nil> | crossley           | Geoff             | Crossley
<nil> | fagioli            | Luigi             | Fagioli
<nil> | harrison           | Cuth              | Harrison
<nil> | fry                | Joe               | Fry
<nil> | martin             | Eugène            | Martin
<nil> | leslie_johnson     | Leslie            | Johnson
<nil> | biondetti          | Clemente          | Biondetti
<nil> | pian               | Alfredo           | Pián
<nil> | sommer             | Raymond           | Sommer
<nil> | chitwood           | Joie              | Chitwood
<nil> | fohr               | Myron             | Fohr
<nil> | ader               | Walt              | Ader
<nil> | holmes             | Jackie            | Holmes
<nil> | levrett            | Bayliss           | Levrett
<nil> | jackson            | Jimmy             | Jackson
<nil> | pagani             | Nello             | Pagani
<nil> | pozzi              | Charles           | Pozzi
<nil> | serafini           | Dorino            | Serafini
<nil> | cantrell           | Bill              | Cantrell
<nil> | mantz              | Johnny            | Mantz
<nil> | kladis             | Danny             | Kladis
<nil> | oscar_gonzalez     | Óscar             | González
HUL   | hulkenberg         | Nico              | Hülkenberg
PET   | petrov             | Vitaly            | Petrov
DIG   | grassi             | Lucas             | di Grassi
SEN   | bruno_senna        | Bruno             | Senna
CHA   | chandhok           | Karun             | Chandhok
MAL   | maldonado          | Pastor            | Maldonado
DIR   | resta              | Paul              | di Resta
PER   | perez              | Sergio            | Pérez
DAM   | ambrosio           | Jérôme            | d'Ambrosio
RIC   | ricciardo          | Daniel            | Ricciardo
VER   | vergne             | Jean-Éric         | Vergne
PIC   | pic                | Charles           | Pic
CHI   | chilton            | Max               | Chilton
GUT   | gutierrez          | Esteban           | Gutiérrez
BOT   | bottas             | Valtteri          | Bottas
VDG   | garde              | Giedo             | van der Garde
BIA   | jules_bianchi      | Jules             | Bianchi
MAG   | kevin_magnussen    | Kevin             | Magnussen
KVY   | kvyat              | Daniil            | Kvyat
LOT   | lotterer           | André             | Lotterer
ERI   | ericsson           | Marcus            | Ericsson
STE   | stevens            | Will              | Stevens
VER   | max_verstappen     | Max               | Verstappen
NAS   | nasr               | Felipe            | Nasr
SAI   | sainz              | Carlos            | Sainz
MER   | merhi              | Roberto           | Merhi
RSS   | rossi              | Alexander         | Rossi
PAL   | jolyon_palmer      | Jolyon            | Palmer
WEH   | wehrlein           | Pascal            | Wehrlein
HAR   | haryanto           | Rio               | Haryanto
VAN   | vandoorne          | Stoffel           | Vandoorne
OCO   | ocon               | Esteban           | Ocon
STR   | stroll             | Lance             | Stroll
GIO   | giovinazzi         | Antonio           | Giovinazzi
