code |   surname   | position | laps |   status  
-----+-------------+----------+------+-----------
BOT  | Bottas      | 1        | 52   | Finished
VET  | Vettel      | 2        | 52   | Finished
RAI  | Räikkönen   | 3        | 52   | Finished
HAM  | Hamilton    | 4        | 52   | Finished
VER  | Verstappen  | 5        | 52   | Finished
PER  | Pérez       | 6        | 52   | Finished
OCO  | Ocon        | 7        | 52   | Finished
HUL  | Hülkenberg  | 8        | 52   | Finished
MAS  | Massa       | 9        | 51   | +1 Lap
SAI  | Sainz       | 10       | 51   | +1 Lap
STR  | Stroll      | 11       | 51   | +1 Lap
KVY  | Kvyat       | 12       | 51   | +1 Lap
MAG  | Magnussen   | 13       | 51   | +1 Lap
VAN  | Vandoorne   | 14       | 51   | +1 Lap
ERI  | Ericsson    | 15       | 51   | +1 Lap
WEH  | Wehrlein    | 16       | 50   | +2 Laps
RIC  | Ricciardo   | <nil>    | 5    | Brakes
ALO  | Alonso      | <nil>    | 0    | Power Unit
PAL  | Palmer      | <nil>    | 0    | Collision
GRO  | Grosjean    | <nil>    | 0    | Collision
